{
  "Parameters": {
    "MyImageRepository10239498": {
      "Type": "String",
      "Description": "Repository ARN for asset \"test-codebuild-docker-asset/MyImage\""
    },
    "MyImageTagFB60FD10": {
      "Type": "String",
      "Description": "Tag for asset \"test-codebuild-docker-asset/MyImage\""
    },
    "AdoptEcrRepositorydbc60defc59544bcaa5c28c95d68f62cCodeS3Bucket92AB06B6": {
      "Type": "String",
      "Description": "S3 bucket for asset \"test-codebuild-docker-asset/AdoptEcrRepositorydbc60defc59544bcaa5c28c95d68f62c/Code\""
    },
    "AdoptEcrRepositorydbc60defc59544bcaa5c28c95d68f62cCodeS3VersionKey393B7276": {
      "Type": "String",
      "Description": "S3 key for asset version \"test-codebuild-docker-asset/AdoptEcrRepositorydbc60defc59544bcaa5c28c95d68f62c/Code\""
    }
  },
  "Resources": {
    "MyImageAdoptRepository6CA902F6": {
      "Type": "AWS::CloudFormation::CustomResource",
      "Properties": {
        "ServiceToken": {
          "Fn::GetAtt": [
            "AdoptEcrRepositorydbc60defc59544bcaa5c28c95d68f62c52BE89E9",
            "Arn"
          ]
        },
        "RepositoryArn": {
          "Ref": "MyImageRepository10239498"
        }
      }
    },
    "AdoptEcrRepositorydbc60defc59544bcaa5c28c95d68f62cServiceRoleD788AA17": {
      "Type": "AWS::IAM::Role",
      "Properties": {
        "AssumeRolePolicyDocument": {
          "Statement": [
            {
              "Action": "sts:AssumeRole",
              "Effect": "Allow",
              "Principal": {
                "Service": "lambda.amazonaws.com"
              }
            }
          ],
          "Version": "2012-10-17"
        },
        "ManagedPolicyArns": [
          {
            "Fn::Join": [
              "",
              [
                "arn:",
                {
                  "Ref": "AWS::Partition"
                },
                ":iam::aws:policy/service-role/AWSLambdaBasicExecutionRole"
              ]
            ]
          }
        ]
      }
    },
    "AdoptEcrRepositorydbc60defc59544bcaa5c28c95d68f62cServiceRoleDefaultPolicy6BC8737C": {
      "Type": "AWS::IAM::Policy",
      "Properties": {
        "PolicyDocument": {
          "Statement": [
            {
              "Action": [
                "ecr:GetRepositoryPolicy",
                "ecr:SetRepositoryPolicy",
                "ecr:DeleteRepository",
                "ecr:ListImages",
                "ecr:BatchDeleteImage"
              ],
              "Effect": "Allow",
              "Resource": {
                "Ref": "MyImageRepository10239498"
              }
            }
          ],
          "Version": "2012-10-17"
        },
        "PolicyName": "AdoptEcrRepositorydbc60defc59544bcaa5c28c95d68f62cServiceRoleDefaultPolicy6BC8737C",
        "Roles": [
          {
            "Ref": "AdoptEcrRepositorydbc60defc59544bcaa5c28c95d68f62cServiceRoleD788AA17"
          }
        ]
      }
    },
    "AdoptEcrRepositorydbc60defc59544bcaa5c28c95d68f62c52BE89E9": {
      "Type": "AWS::Lambda::Function",
      "Properties": {
        "Code": {
          "S3Bucket": {
            "Ref": "AdoptEcrRepositorydbc60defc59544bcaa5c28c95d68f62cCodeS3Bucket92AB06B6"
          },
          "S3Key": {
            "Fn::Join": [
              "",
              [
                {
                  "Fn::Select": [
                    0,
                    {
                      "Fn::Split": [
                        "||",
                        {
                          "Ref": "AdoptEcrRepositorydbc60defc59544bcaa5c28c95d68f62cCodeS3VersionKey393B7276"
                        }
                      ]
                    }
                  ]
                },
                {
                  "Fn::Select": [
                    1,
                    {
                      "Fn::Split": [
                        "||",
                        {
                          "Ref": "AdoptEcrRepositorydbc60defc59544bcaa5c28c95d68f62cCodeS3VersionKey393B7276"
                        }
                      ]
                    }
                  ]
                }
              ]
            ]
          }
        },
        "Handler": "handler.handler",
        "Role": {
          "Fn::GetAtt": [
            "AdoptEcrRepositorydbc60defc59544bcaa5c28c95d68f62cServiceRoleD788AA17",
            "Arn"
          ]
        },
        "Runtime": "nodejs8.10",
        "Timeout": 300
      },
      "DependsOn": [
        "AdoptEcrRepositorydbc60defc59544bcaa5c28c95d68f62cServiceRoleD788AA17",
        "AdoptEcrRepositorydbc60defc59544bcaa5c28c95d68f62cServiceRoleDefaultPolicy6BC8737C"
      ]
    },
    "MyProjectRole9BBE5233": {
      "Type": "AWS::IAM::Role",
      "Properties": {
        "AssumeRolePolicyDocument": {
          "Statement": [
            {
              "Action": "sts:AssumeRole",
              "Effect": "Allow",
              "Principal": {
                "Service": "codebuild.amazonaws.com"
              }
            }
          ],
          "Version": "2012-10-17"
        }
      }
    },
    "MyProjectRoleDefaultPolicyB19B7C29": {
      "Type": "AWS::IAM::Policy",
      "Properties": {
        "PolicyDocument": {
          "Statement": [
            {
              "Action": [
                "logs:CreateLogGroup",
                "logs:CreateLogStream",
                "logs:PutLogEvents"
              ],
              "Effect": "Allow",
              "Resource": [
                {
                  "Fn::Join": [
                    "",
                    [
                      "arn:",
                      {
                        "Ref": "AWS::Partition"
                      },
                      ":logs:",
                      {
                        "Ref": "AWS::Region"
                      },
                      ":",
                      {
                        "Ref": "AWS::AccountId"
                      },
                      ":log-group:/aws/codebuild/",
                      {
                        "Ref": "MyProject39F7B0AE"
                      }
                    ]
                  ]
                },
                {
                  "Fn::Join": [
                    "",
                    [
                      "arn:",
                      {
                        "Ref": "AWS::Partition"
                      },
                      ":logs:",
                      {
                        "Ref": "AWS::Region"
                      },
                      ":",
                      {
                        "Ref": "AWS::AccountId"
                      },
                      ":log-group:/aws/codebuild/",
                      {
                        "Ref": "MyProject39F7B0AE"
                      },
                      ":*"
                    ]
                  ]
                }
              ]
            },
            {
              "Action": [
                "ecr:BatchCheckLayerAvailability",
                "ecr:GetDownloadUrlForLayer",
                "ecr:BatchGetImage"
              ],
              "Effect": "Allow",
              "Resource": {
                "Ref": "MyImageRepository10239498"
              }
            },
            {
              "Action": [
                "ecr:GetAuthorizationToken",
                "logs:CreateLogStream",
                "logs:PutLogEvents"
              ],
              "Effect": "Allow",
              "Resource": "*"
            }
          ],
          "Version": "2012-10-17"
        },
        "PolicyName": "MyProjectRoleDefaultPolicyB19B7C29",
        "Roles": [
          {
            "Ref": "MyProjectRole9BBE5233"
          }
        ]
      }
    },
    "MyProject39F7B0AE": {
      "Type": "AWS::CodeBuild::Project",
      "Properties": {
        "Artifacts": {
          "Type": "NO_ARTIFACTS"
        },
        "Environment": {
          "ComputeType": "BUILD_GENERAL1_SMALL",
          "Image": {
            "Fn::Join": [
              "",
              [
                {
                  "Fn::GetAtt": [
                    "MyImageAdoptRepository6CA902F6",
                    "RepositoryUri"
                  ]
                },
                ":",
                {
                  "Ref": "MyImageTagFB60FD10"
                }
              ]
            ]
          },
          "PrivilegedMode": false,
          "Type": "LINUX_CONTAINER"
        },
        "ServiceRole": {
          "Fn::GetAtt": [
            "MyProjectRole9BBE5233",
            "Arn"
          ]
        },
        "Source": {
          "BuildSpec": "{\n  \"version\": \"2.0\",\n  \"phases\": {\n    \"build\": {\n      \"commands\": [\n        \"ls\"\n      ]\n    }\n  }\n}",
          "Type": "NO_SOURCE"
        }
      }
    }
  }
}